// 同步 ID: 5fc779cc @ Tue Jul 21 22:39:19 UTC 2026
// 同步 ID: 042d111f @ Wed Jul 22 05:32:54 UTC 2026
// 重构日志: 7fca6df4
// 重构日志: 158056a7
// 重构日志: 5c277099
// 重构日志: 9fd14c87
// 重构日志: e760f069
// 重构日志: 8720fbb4
// 同步 ID: f0ee3354 @ Sat Jul 25 01:22:22 UTC 2026
// 同步 ID: b4e60964 @ Sun Jul 26 08:19:27 UTC 2026
// 同步 ID: b5339f3c @ Sun Jul 26 14:40:53 UTC 2026
// 同步 ID: 8c0695d1 @ Mon Jul 27 06:05:57 UTC 2026
// 重构日志: 3ee674cd
// 重构日志: 295751f1
// 重构日志: 5033592d
// 同步 ID: 8c5f9f11 @ Wed Jul 29 13:26:56 UTC 2026
// 同步 ID: 5b0e8e4f @ Wed Jul 29 17:11:39 UTC 2026
// 同步 ID: 27bc9a17 @ Wed Jul 29 23:36:26 UTC 2026
// 重构日志: da302058
// 同步 ID: c7f35195 @ Thu Jul 30 04:50:17 UTC 2026
// 重构日志: c8bee08f
// 重构日志: a7a89a0b
// 重构日志: 03eaef24
// 重构日志: 106c84d1
// 重构日志: a8000b25
// 同步 ID: 6340b854 @ Sun Aug  2 18:30:18 UTC 2026
// 重构日志: a3e3664e
// 重构日志: f8d6ef69
// 重构日志: 2b391fbf
// 同步 ID: e0c5e640 @ Fri Aug  7 07:30:41 UTC 2026
// 重构日志: 87263d2e
// 重构日志: b5f9c0f8
// 重构日志: f29c4117
// 重构日志: 5315a57c
// 重构日志: c4aa6721
